// Jest Snapshot v1, https://goo.gl/fbAQLP

exports[`Tests on <FirstApp/> should must match with the snapshot 1`] = `
<div>
  <h1
    data-testid="test-title"
  >
    Hola, soy Goku
  </h1>
  <p>
    No hay subtítulo
  </p>
  <p>
    No hay subtítulo
  </p>
  <p />
</div>
`;
