// Jest Snapshot v1, https://goo.gl/fbAQLP

exports[`Tests on component <CounterApp/> should do match with the snapshot 1`] = `
<div>
  <h4>
    CounterApp
  </h4>
  <h5>
    100
  </h5>
  <button>
    +1
  </button>
  <button>
    -1
  </button>
  <button
    aria-label="btn-reset"
  >
    Reset
  </button>
</div>
`;
